node_modules/gaxios/build/cjs/src/gaxios.d.ts(16,5): error TS18028: Private identifiers are only available when targeting ECMAScript 2015 and higher.
node_modules/google-auth-library/build/src/auth/awsclient.d.ts(83,5): error TS18028: Private identifiers are only available when targeting ECMAScript 2015 and higher.
node_modules/google-auth-library/build/src/auth/baseexternalclient.d.ts(173,5): error TS18028: Private identifiers are only available when targeting ECMAScript 2015 and higher.
node_modules/google-auth-library/build/src/auth/googleauth.d.ts(159,5): error TS18028: Private identifiers are only available when targeting ECMAScript 2015 and higher.
node_modules/google-auth-library/build/src/auth/oauth2common.d.ts(50,5): error TS18028: Private identifiers are only available when targeting ECMAScript 2015 and higher.
node_modules/google-auth-library/build/src/auth/stscredentials.d.ts(99,5): error TS18028: Private identifiers are only available when targeting ECMAScript 2015 and higher.
node_modules/google-auth-library/build/src/util.d.ts(125,5): error TS18028: Private identifiers are only available when targeting ECMAScript 2015 and higher.
node_modules/gtoken/build/cjs/src/index.d.ts(38,5): error TS18028: Private identifiers are only available when targeting ECMAScript 2015 and higher.
src/config/supabaseClient.ts(2,8): error TS1192: Module '"C:/Users/jaoom/OneDrive/\u00C1rea de Trabalho/projetos/nodus/backend/node_modules/dotenv/lib/main"' has no default export.
src/controllers/socialController.ts(663,50): error TS2304: Cannot find name 'extractMetadataWithAI'.
src/realtime/RealtimeManager.ts(27,41): error TS2802: Type 'Set<string>' can only be iterated through when using the '--downlevelIteration' flag or with a '--target' of 'es2015' or higher.
src/realtime/RealtimeManager.ts(97,20): error TS2802: Type 'Set<string>' can only be iterated through when using the '--downlevelIteration' flag or with a '--target' of 'es2015' or higher.
src/services/emailService.ts(2,8): error TS1192: Module '"C:/Users/jaoom/OneDrive/\u00C1rea de Trabalho/projetos/nodus/backend/node_modules/dotenv/lib/main"' has no default export.
src/services/kickService.ts(4,8): error TS1192: Module '"crypto"' has no default export.
src/services/linkService.ts(4,8): error TS1192: Module '"C:/Users/jaoom/OneDrive/\u00C1rea de Trabalho/projetos/nodus/backend/node_modules/@types/bcrypt/index"' has no default export.
src/services/tiktokService.ts(3,8): error TS1192: Module '"crypto"' has no default export.
src/utils/ssrfGuard.ts(26,8): error TS1192: Module '"dns/promises"' has no default export.
src/utils/ssrfGuard.ts(27,8): error TS1192: Module '"net"' has no default export.
